// Jest Snapshot v1, https://goo.gl/fbAQLP

exports[`Test DB scout stack snapshot 1`] = `
Object {
  "Outputs": Object {
    "secretValuesecretarn3E4ADEE5": Object {
      "Export": Object {
        "Name": "cdksecret-arn",
      },
      "Value": Object {
        "Ref": "secretValuetest5FFF9152",
      },
    },
    "sqsarn": Object {
      "Export": Object {
        "Name": "cdktestQueue-arn",
      },
      "Value": Object {
        "Fn::GetAtt": Array [
          "sqs1386CA46",
          "Arn",
        ],
      },
    },
  },
  "Resources": Object {
    "secretValuetest5FFF9152": Object {
      "DeletionPolicy": "Delete",
      "Properties": Object {
        "GenerateSecretString": Object {
          "GenerateStringKey": "test",
          "SecretStringTemplate": "\\"test\\"",
        },
        "Name": "test",
      },
      "Type": "AWS::SecretsManager::Secret",
      "UpdateReplacePolicy": "Delete",
    },
    "sqs1386CA46": Object {
      "DeletionPolicy": "Delete",
      "Properties": Object {
        "QueueName": "cdktestQueue",
        "VisibilityTimeout": 1800,
      },
      "Type": "AWS::SQS::Queue",
      "UpdateReplacePolicy": "Delete",
    },
  },
}
`;
